\BOOKMARK [-1][-]{part.1}{\376\377\000I\000\040\000F\000o\000u\000n\000d\000a\000t\000i\000o\000n\000s\000\040\000o\000f\000\040\000L\000o\000g\000i\000c}{}% 1
\BOOKMARK [0][-]{chapter.1}{\376\377\000I\000n\000t\000r\000o\000d\000u\000c\000t\000i\000o\000n\000\040\000t\000o\000\040\000D\000i\000s\000c\000r\000e\000t\000e\000\040\000M\000a\000t\000h\000e\000m\000a\000t\000i\000c\000s}{part.1}% 2
\BOOKMARK [1][-]{section.1.1}{\376\377\000W\000h\000a\000t\000\040\000i\000s\000\040\000d\000i\000s\000c\000r\000e\000t\000e\000\040\000m\000a\000t\000h\000e\000m\000a\000t\000i\000c\000s\000?}{chapter.1}% 3
\BOOKMARK [1][-]{section.1.2}{\376\377\000T\000h\000e\000\040\000m\000a\000i\000n\000\040\000q\000u\000e\000s\000t\000i\000o\000n\000s}{chapter.1}% 4
\BOOKMARK [1][-]{section.1.3}{\376\377\000I\000n\000f\000o\000r\000m\000a\000t\000i\000o\000n\000,\000\040\000s\000u\000m\000m\000a\000r\000i\000z\000a\000t\000i\000o\000n\000\040\000a\000n\000d\000\040\000c\000o\000m\000p\000u\000t\000a\000t\000i\000o\000n}{chapter.1}% 5
\BOOKMARK [2][-]{subsection.1.3.1}{\376\377\000I\000n\000f\000o\000r\000m\000a\000t\000i\000o\000n}{section.1.3}% 6
\BOOKMARK [2][-]{subsection.1.3.2}{\376\377\000S\000u\000m\000m\000a\000r\000i\000z\000a\000t\000i\000o\000n}{section.1.3}% 7
\BOOKMARK [2][-]{subsection.1.3.3}{\376\377\000C\000o\000m\000p\000u\000t\000a\000t\000i\000o\000n}{section.1.3}% 8
\BOOKMARK [1][-]{section.1.4}{\376\377\000A\000\040\000b\000r\000i\000e\000f\000\040\000h\000i\000s\000t\000o\000r\000y}{chapter.1}% 9
\BOOKMARK [1][-]{section.1.5}{\376\377\000D\000i\000s\000c\000r\000e\000t\000e\000\040\000m\000a\000t\000h\000e\000m\000a\000t\000i\000c\000s\000\040\000t\000o\000d\000a\000y}{chapter.1}% 10
\BOOKMARK [1][-]{section.1.6}{\376\377\000W\000h\000y\000\040\000s\000t\000u\000d\000y\000\040\000d\000i\000s\000c\000r\000e\000t\000e\000\040\000m\000a\000t\000h\000e\000m\000a\000t\000i\000c\000s\000?}{chapter.1}% 11
\BOOKMARK [1][-]{section.1.7}{\376\377\000A\000b\000o\000u\000t\000\040\000t\000h\000i\000s\000\040\000c\000o\000u\000r\000s\000e}{chapter.1}% 12
\BOOKMARK [1][-]{section.1.8}{\376\377\000W\000h\000o\000\040\000i\000s\000\040\000t\000h\000i\000s\000\040\000c\000o\000u\000r\000s\000e\000\040\000f\000o\000r\000?}{chapter.1}% 13
\BOOKMARK [1][-]{section.1.8}{\376\377\000E\000x\000e\000r\000c\000i\000s\000e\000s}{chapter.1}% 14
\BOOKMARK [1][-]{exercise.1.5}{\376\377\000S\000o\000l\000u\000t\000i\000o\000n\000s\000\040\000t\000o\000\040\000t\000h\000e\000\040\000E\000x\000e\000r\000c\000i\000s\000e\000s}{chapter.1}% 15
\BOOKMARK [0][-]{chapter.2}{\376\377\000P\000r\000o\000p\000o\000s\000i\000t\000i\000o\000n\000a\000l\000\040\000L\000o\000g\000i\000c}{part.1}% 16
\BOOKMARK [1][-]{section.2.1}{\376\377\000P\000r\000o\000p\000o\000s\000i\000t\000i\000o\000n\000s}{chapter.2}% 17
\BOOKMARK [2][-]{subsection.2.1.1}{\376\377\000W\000e\000l\000l\000-\000f\000o\000r\000m\000e\000d\000\040\000f\000o\000r\000m\000u\000l\000a\000s}{section.2.1}% 18
\BOOKMARK [1][-]{section.2.2}{\376\377\000T\000h\000e\000\040\000l\000o\000g\000i\000c\000a\000l\000\040\000c\000o\000n\000n\000e\000c\000t\000i\000v\000e\000s}{chapter.2}% 19
\BOOKMARK [1][-]{section.2.3}{\376\377\000T\000r\000u\000t\000h\000\040\000t\000a\000b\000l\000e\000s}{chapter.2}% 20
\BOOKMARK [2][-]{subsection.2.3.1}{\376\377\000P\000r\000e\000c\000e\000d\000e\000n\000c\000e}{section.2.3}% 21
\BOOKMARK [1][-]{section.2.4}{\376\377\000C\000o\000n\000v\000e\000r\000s\000e\000,\000\040\000i\000n\000v\000e\000r\000s\000e\000,\000\040\000c\000o\000n\000t\000r\000a\000p\000o\000s\000i\000t\000i\000v\000e}{chapter.2}% 22
\BOOKMARK [1][-]{section.2.5}{\376\377\000T\000a\000u\000t\000o\000l\000o\000g\000y\000,\000\040\000c\000o\000n\000t\000r\000a\000d\000i\000c\000t\000i\000o\000n\000,\000\040\000c\000o\000n\000t\000i\000n\000g\000e\000n\000c\000y}{chapter.2}% 23
\BOOKMARK [1][-]{section.2.6}{\376\377\000L\000o\000g\000i\000c\000a\000l\000\040\000e\000q\000u\000i\000v\000a\000l\000e\000n\000c\000e}{chapter.2}% 24
\BOOKMARK [1][-]{section.2.7}{\376\377\000L\000o\000g\000i\000c\000a\000l\000\040\000c\000o\000n\000s\000e\000q\000u\000e\000n\000c\000e}{chapter.2}% 25
\BOOKMARK [1][-]{section.2.8}{\376\377\000N\000o\000r\000m\000a\000l\000\040\000f\000o\000r\000m\000s}{chapter.2}% 26
\BOOKMARK [1][-]{section.2.9}{\376\377\000F\000u\000n\000c\000t\000i\000o\000n\000a\000l\000\040\000c\000o\000m\000p\000l\000e\000t\000e\000n\000e\000s\000s}{chapter.2}% 27
\BOOKMARK [1][-]{section.2.10}{\376\377\000L\000o\000g\000i\000c\000\040\000g\000a\000t\000e\000s\000\040\000a\000n\000d\000\040\000c\000i\000r\000c\000u\000i\000t\000s}{chapter.2}% 28
\BOOKMARK [1][-]{section.2.11}{\376\377\000T\000r\000a\000n\000s\000l\000a\000t\000i\000n\000g\000\040\000E\000n\000g\000l\000i\000s\000h\000\040\000t\000o\000\040\000l\000o\000g\000i\000c}{chapter.2}% 29
\BOOKMARK [1][-]{section.2.12}{\376\377\000S\000u\000m\000m\000a\000r\000y}{chapter.2}% 30
\BOOKMARK [1][-]{section.2.12}{\376\377\000E\000x\000e\000r\000c\000i\000s\000e\000s}{chapter.2}% 31
\BOOKMARK [1][-]{exercise.2.12}{\376\377\000S\000o\000l\000u\000t\000i\000o\000n\000s\000\040\000t\000o\000\040\000t\000h\000e\000\040\000E\000x\000e\000r\000c\000i\000s\000e\000s}{chapter.2}% 32
\BOOKMARK [0][-]{chapter.3}{\376\377\000E\000q\000u\000i\000v\000a\000l\000e\000n\000c\000e\000\040\000o\000f\000\040\000P\000r\000o\000p\000o\000s\000i\000t\000i\000o\000n\000s}{part.1}% 33
\BOOKMARK [1][-]{section.3.1}{\376\377\000O\000v\000e\000r\000v\000i\000e\000w}{chapter.3}% 34
\BOOKMARK [1][-]{section.3.2}{\376\377\000T\000a\000u\000t\000o\000l\000o\000g\000y\000,\000\040\000c\000o\000n\000t\000r\000a\000d\000i\000c\000t\000i\000o\000n\000,\000\040\000c\000o\000n\000t\000i\000n\000g\000e\000n\000c\000y\000\040\000r\000e\000v\000i\000s\000i\000t\000e\000d}{chapter.3}% 35
\BOOKMARK [1][-]{section.3.3}{\376\377\000T\000h\000e\000\040\000m\000a\000i\000n\000\040\000e\000q\000u\000i\000v\000a\000l\000e\000n\000c\000e\000s}{chapter.3}% 36
\BOOKMARK [1][-]{section.3.4}{\376\377\000D\000i\000s\000j\000u\000n\000c\000t\000i\000v\000e\000\040\000n\000o\000r\000m\000a\000l\000\040\000f\000o\000r\000m}{chapter.3}% 37
\BOOKMARK [1][-]{section.3.5}{\376\377\000O\000t\000h\000e\000r\000\040\000n\000o\000r\000m\000a\000l\000\040\000f\000o\000r\000m\000s}{chapter.3}% 38
\BOOKMARK [2][-]{subsection.3.5.1}{\376\377\000C\000N\000F\000\040\000<\000-\000>\000\040\000D\000N\000F\000\040\000c\000o\000n\000v\000e\000r\000s\000i\000o\000n}{section.3.5}% 39
\BOOKMARK [1][-]{section.3.6}{\376\377\000S\000a\000t\000i\000s\000f\000i\000a\000b\000i\000l\000i\000t\000y\000\040\000r\000e\000s\000e\000a\000r\000c\000h}{chapter.3}% 40
\BOOKMARK [1][-]{section.3.7}{\376\377\000S\000u\000m\000m\000a\000r\000y}{chapter.3}% 41
\BOOKMARK [1][-]{section.3.7}{\376\377\000E\000x\000e\000r\000c\000i\000s\000e\000s}{chapter.3}% 42
\BOOKMARK [1][-]{exercise.3.9}{\376\377\000S\000o\000l\000u\000t\000i\000o\000n\000s\000\040\000t\000o\000\040\000t\000h\000e\000\040\000E\000x\000e\000r\000c\000i\000s\000e\000s}{chapter.3}% 43
\BOOKMARK [0][-]{chapter.4}{\376\377\000P\000r\000e\000d\000i\000c\000a\000t\000e\000s\000\040\000a\000n\000d\000\040\000Q\000u\000a\000n\000t\000i\000f\000i\000e\000r\000s}{part.1}% 44
\BOOKMARK [1][-]{section.4.1}{\376\377\000O\000v\000e\000r\000v\000i\000e\000w}{chapter.4}% 45
\BOOKMARK [1][-]{section.4.2}{\376\377\000P\000r\000e\000d\000i\000c\000a\000t\000e\000s}{chapter.4}% 46
\BOOKMARK [1][-]{section.4.3}{\376\377\000T\000h\000e\000\040\000u\000n\000i\000v\000e\000r\000s\000a\000l\000\040\000q\000u\000a\000n\000t\000i\000f\000i\000e\000r}{chapter.4}% 47
\BOOKMARK [1][-]{section.4.4}{\376\377\000T\000h\000e\000\040\000e\000x\000i\000s\000t\000e\000n\000t\000i\000a\000l\000\040\000q\000u\000a\000n\000t\000i\000f\000i\000e\000r}{chapter.4}% 48
\BOOKMARK [1][-]{section.4.5}{\376\377\000Q\000u\000a\000n\000t\000i\000f\000i\000e\000r\000\040\000e\000q\000u\000i\000v\000a\000l\000e\000n\000c\000e\000s}{chapter.4}% 49
\BOOKMARK [1][-]{section.4.6}{\376\377\000N\000e\000s\000t\000e\000d\000\040\000q\000u\000a\000n\000t\000i\000f\000i\000e\000r\000s}{chapter.4}% 50
\BOOKMARK [1][-]{section.4.7}{\376\377\000T\000r\000a\000n\000s\000l\000a\000t\000i\000n\000g\000\040\000s\000t\000a\000t\000e\000m\000e\000n\000t\000s}{chapter.4}% 51
\BOOKMARK [1][-]{section.4.8}{\376\377\000S\000u\000m\000m\000a\000r\000y}{chapter.4}% 52
\BOOKMARK [1][-]{section.4.8}{\376\377\000E\000x\000e\000r\000c\000i\000s\000e\000s}{chapter.4}% 53
\BOOKMARK [1][-]{exercise.4.9}{\376\377\000S\000o\000l\000u\000t\000i\000o\000n\000s\000\040\000t\000o\000\040\000t\000h\000e\000\040\000E\000x\000e\000r\000c\000i\000s\000e\000s}{chapter.4}% 54
\BOOKMARK [0][-]{chapter.5}{\376\377\000R\000u\000l\000e\000s\000\040\000o\000f\000\040\000I\000n\000f\000e\000r\000e\000n\000c\000e}{part.1}% 55
\BOOKMARK [1][-]{section.5.1}{\376\377\000M\000o\000t\000i\000v\000a\000t\000i\000o\000n}{chapter.5}% 56
\BOOKMARK [2][-]{subsection.5.1.1}{\376\377\000T\000h\000e\000\040\000l\000i\000m\000i\000t\000s\000\040\000o\000f\000\040\000t\000r\000u\000t\000h\000\040\000t\000a\000b\000l\000e\000s}{section.5.1}% 57
\BOOKMARK [1][-]{section.5.2}{\376\377\000T\000h\000e\000\040\000r\000u\000l\000e\000s\000\040\000o\000f\000\040\000i\000n\000f\000e\000r\000e\000n\000c\000e}{chapter.5}% 58
\BOOKMARK [1][-]{section.5.3}{\376\377\000R\000u\000l\000e\000s\000\040\000f\000o\000r\000\040\000q\000u\000a\000n\000t\000i\000f\000i\000e\000d\000\040\000s\000t\000a\000t\000e\000m\000e\000n\000t\000s}{chapter.5}% 59
\BOOKMARK [1][-]{section.5.4}{\376\377\000S\000u\000m\000m\000a\000r\000y}{chapter.5}% 60
\BOOKMARK [1][-]{section.5.4}{\376\377\000E\000x\000e\000r\000c\000i\000s\000e\000s}{chapter.5}% 61
\BOOKMARK [1][-]{exercise.5.9}{\376\377\000S\000o\000l\000u\000t\000i\000o\000n\000s\000\040\000t\000o\000\040\000t\000h\000e\000\040\000E\000x\000e\000r\000c\000i\000s\000e\000s}{chapter.5}% 62
\BOOKMARK [-1][-]{part.2}{\376\377\000I\000I\000\040\000D\000i\000s\000c\000r\000e\000t\000e\000\040\000S\000t\000r\000u\000c\000t\000u\000r\000e\000s}{}% 63
\BOOKMARK [0][-]{chapter.6}{\376\377\000S\000e\000t\000s}{part.2}% 64
\BOOKMARK [1][-]{section.6.1}{\376\377\000D\000e\000f\000i\000n\000i\000t\000i\000o\000n}{chapter.6}% 65
\BOOKMARK [1][-]{section.6.2}{\376\377\000C\000a\000r\000d\000i\000n\000a\000l\000i\000t\000y}{chapter.6}% 66
\BOOKMARK [1][-]{section.6.3}{\376\377\000I\000m\000p\000o\000r\000t\000a\000n\000t\000\040\000s\000e\000t\000s}{chapter.6}% 67
\BOOKMARK [2][-]{subsection.6.3.1}{\376\377\000C\000o\000u\000n\000t\000a\000b\000l\000e\000\040\000a\000n\000d\000\040\000u\000n\000c\000o\000u\000n\000t\000a\000b\000l\000e}{section.6.3}% 68
\BOOKMARK [1][-]{section.6.4}{\376\377\000V\000e\000n\000n\000\040\000d\000i\000a\000g\000r\000a\000m\000s}{chapter.6}% 69
\BOOKMARK [1][-]{section.6.5}{\376\377\000S\000u\000b\000s\000e\000t\000s}{chapter.6}% 70
\BOOKMARK [1][-]{section.6.6}{\376\377\000T\000h\000e\000\040\000p\000o\000w\000e\000r\000\040\000s\000e\000t}{chapter.6}% 71
\BOOKMARK [1][-]{section.6.7}{\376\377\000P\000a\000r\000t\000i\000t\000i\000o\000n\000s}{chapter.6}% 72
\BOOKMARK [1][-]{section.6.8}{\376\377\000C\000a\000r\000t\000e\000s\000i\000a\000n\000\040\000p\000r\000o\000d\000u\000c\000t\000s}{chapter.6}% 73
\BOOKMARK [1][-]{section.6.9}{\376\377\000A\000s\000s\000o\000c\000i\000a\000t\000i\000o\000n\000s\000\040\000a\000n\000d\000\040\000d\000a\000t\000a\000s\000e\000t\000s}{chapter.6}% 74
\BOOKMARK [1][-]{section.6.10}{\376\377\000T\000h\000e\000\040\000e\000m\000p\000t\000y\000\040\000s\000e\000t}{chapter.6}% 75
\BOOKMARK [1][-]{section.6.11}{\376\377\000S\000u\000m\000m\000a\000r\000y}{chapter.6}% 76
\BOOKMARK [1][-]{section.6.11}{\376\377\000E\000x\000e\000r\000c\000i\000s\000e\000s}{chapter.6}% 77
\BOOKMARK [1][-]{exercise.6.10}{\376\377\000S\000o\000l\000u\000t\000i\000o\000n\000s\000\040\000t\000o\000\040\000t\000h\000e\000\040\000E\000x\000e\000r\000c\000i\000s\000e\000s}{chapter.6}% 78
\BOOKMARK [0][-]{chapter.7}{\376\377\000O\000p\000e\000r\000a\000t\000i\000o\000n\000s\000\040\000o\000n\000\040\000S\000e\000t\000s}{part.2}% 79
\BOOKMARK [1][-]{section.7.1}{\376\377\000T\000h\000e\000\040\000b\000a\000s\000i\000c\000\040\000o\000p\000e\000r\000a\000t\000i\000o\000n\000s}{chapter.7}% 80
\BOOKMARK [1][-]{section.7.2}{\376\377\000S\000e\000t\000\040\000i\000d\000e\000n\000t\000i\000t\000i\000e\000s}{chapter.7}% 81
\BOOKMARK [1][-]{section.7.3}{\376\377\000P\000r\000o\000v\000i\000n\000g\000\040\000i\000d\000e\000n\000t\000i\000t\000i\000e\000s}{chapter.7}% 82
\BOOKMARK [1][-]{section.7.4}{\376\377\000G\000e\000n\000e\000r\000a\000l\000i\000s\000e\000d\000\040\000u\000n\000i\000o\000n\000s\000\040\000a\000n\000d\000\040\000i\000n\000t\000e\000r\000s\000e\000c\000t\000i\000o\000n\000s}{chapter.7}% 83
\BOOKMARK [1][-]{section.7.5}{\376\377\000S\000u\000m\000m\000a\000r\000y}{chapter.7}% 84
\BOOKMARK [1][-]{section.7.5}{\376\377\000E\000x\000e\000r\000c\000i\000s\000e\000s}{chapter.7}% 85
\BOOKMARK [1][-]{exercise.7.10}{\376\377\000S\000o\000l\000u\000t\000i\000o\000n\000s\000\040\000t\000o\000\040\000t\000h\000e\000\040\000E\000x\000e\000r\000c\000i\000s\000e\000s}{chapter.7}% 86
\BOOKMARK [0][-]{chapter.8}{\376\377\000R\000e\000l\000a\000t\000i\000o\000n\000s\000\040\000a\000n\000d\000\040\000F\000u\000n\000c\000t\000i\000o\000n\000s}{part.2}% 87
\BOOKMARK [1][-]{section.8.1}{\376\377\000R\000e\000l\000a\000t\000i\000o\000n\000s}{chapter.8}% 88
\BOOKMARK [2][-]{subsection.8.1.1}{\376\377\000D\000e\000f\000i\000n\000i\000t\000i\000o\000n\000\040\000a\000n\000d\000\040\000r\000e\000p\000r\000e\000s\000e\000n\000t\000a\000t\000i\000o\000n\000s}{section.8.1}% 89
\BOOKMARK [2][-]{subsection.8.1.2}{\376\377\000P\000r\000o\000p\000e\000r\000t\000i\000e\000s\000\040\000o\000f\000\040\000r\000e\000l\000a\000t\000i\000o\000n\000s\000\040\000o\000n\000\040\000a\000\040\000s\000e\000t}{section.8.1}% 90
\BOOKMARK [2][-]{subsection.8.1.3}{\376\377\000E\000q\000u\000i\000v\000a\000l\000e\000n\000c\000e\000\040\000r\000e\000l\000a\000t\000i\000o\000n\000s}{section.8.1}% 91
\BOOKMARK [2][-]{subsection.8.1.4}{\376\377\000O\000r\000d\000e\000r\000\040\000r\000e\000l\000a\000t\000i\000o\000n\000s}{section.8.1}% 92
\BOOKMARK [2][-]{subsection.8.1.5}{\376\377\000C\000l\000o\000s\000u\000r\000e\000s}{section.8.1}% 93
\BOOKMARK [1][-]{section.8.2}{\376\377\000F\000u\000n\000c\000t\000i\000o\000n\000s}{chapter.8}% 94
\BOOKMARK [2][-]{subsection.8.2.1}{\376\377\000D\000e\000f\000i\000n\000i\000t\000i\000o\000n}{section.8.2}% 95
\BOOKMARK [2][-]{subsection.8.2.2}{\376\377\000I\000n\000j\000e\000c\000t\000i\000o\000n\000s\000,\000\040\000s\000u\000r\000j\000e\000c\000t\000i\000o\000n\000s\000,\000\040\000b\000i\000j\000e\000c\000t\000i\000o\000n\000s}{section.8.2}% 96
\BOOKMARK [2][-]{subsection.8.2.3}{\376\377\000C\000o\000m\000p\000o\000s\000i\000t\000i\000o\000n}{section.8.2}% 97
\BOOKMARK [2][-]{subsection.8.2.4}{\376\377\000I\000n\000v\000e\000r\000s\000e\000\040\000f\000u\000n\000c\000t\000i\000o\000n\000s}{section.8.2}% 98
\BOOKMARK [2][-]{subsection.8.2.5}{\376\377\000I\000m\000a\000g\000e\000s\000\040\000a\000n\000d\000\040\000p\000r\000e\000i\000m\000a\000g\000e\000s\000\040\000o\000f\000\040\000s\000e\000t\000s}{section.8.2}% 99
\BOOKMARK [1][-]{section.8.3}{\376\377\000C\000a\000r\000d\000i\000n\000a\000l\000i\000t\000y\000\040\000v\000i\000a\000\040\000b\000i\000j\000e\000c\000t\000i\000o\000n\000s}{chapter.8}% 100
\BOOKMARK [1][-]{section.8.4}{\376\377\000S\000u\000m\000m\000a\000r\000y}{chapter.8}% 101
\BOOKMARK [1][-]{section.8.4}{\376\377\000E\000x\000e\000r\000c\000i\000s\000e\000s}{chapter.8}% 102
\BOOKMARK [1][-]{exercise.8.12}{\376\377\000S\000o\000l\000u\000t\000i\000o\000n\000s\000\040\000t\000o\000\040\000t\000h\000e\000\040\000E\000x\000e\000r\000c\000i\000s\000e\000s}{chapter.8}% 103
\BOOKMARK [0][-]{chapter.9}{\376\377\000S\000e\000q\000u\000e\000n\000c\000e\000s\000\040\000a\000n\000d\000\040\000S\000e\000r\000i\000e\000s}{part.2}% 104
\BOOKMARK [1][-]{section.9.1}{\376\377\000S\000e\000q\000u\000e\000n\000c\000e\000s}{chapter.9}% 105
\BOOKMARK [1][-]{section.9.2}{\376\377\000L\000i\000m\000i\000t\000s}{chapter.9}% 106
\BOOKMARK [2][-]{subsection.9.2.1}{\376\377\000S\000t\000a\000n\000d\000a\000r\000d\000\040\000l\000i\000m\000i\000t\000s}{section.9.2}% 107
\BOOKMARK [1][-]{section.9.3}{\376\377\000P\000r\000o\000g\000r\000e\000s\000s\000i\000o\000n\000s\000\040\000a\000n\000d\000\040\000f\000i\000n\000i\000t\000e\000\040\000s\000u\000m\000s}{chapter.9}% 108
\BOOKMARK [1][-]{section.9.4}{\376\377\000S\000e\000r\000i\000e\000s}{chapter.9}% 109
\BOOKMARK [2][-]{subsection.9.4.1}{\376\377\000C\000o\000n\000v\000e\000r\000g\000e\000n\000c\000e\000\040\000t\000e\000s\000t\000s}{section.9.4}% 110
\BOOKMARK [1][-]{section.9.5}{\376\377\000R\000e\000c\000u\000r\000r\000e\000n\000c\000e\000\040\000r\000e\000l\000a\000t\000i\000o\000n\000s}{chapter.9}% 111
\BOOKMARK [1][-]{section.9.6}{\376\377\000P\000r\000o\000d\000u\000c\000t\000s\000\040\000a\000n\000d\000\040\000f\000a\000m\000o\000u\000s\000\040\000s\000e\000q\000u\000e\000n\000c\000e\000s}{chapter.9}% 112
\BOOKMARK [1][-]{section.9.7}{\376\377\000S\000u\000m\000m\000a\000r\000y}{chapter.9}% 113
\BOOKMARK [1][-]{section.9.7}{\376\377\000E\000x\000e\000r\000c\000i\000s\000e\000s}{chapter.9}% 114
\BOOKMARK [1][-]{exercise.9.12}{\376\377\000S\000o\000l\000u\000t\000i\000o\000n\000s\000\040\000t\000o\000\040\000t\000h\000e\000\040\000E\000x\000e\000r\000c\000i\000s\000e\000s}{chapter.9}% 115
\BOOKMARK [-1][-]{part.3}{\376\377\000I\000I\000I\000\040\000C\000o\000u\000n\000t\000i\000n\000g}{}% 116
\BOOKMARK [0][-]{chapter.10}{\376\377\000P\000e\000r\000m\000u\000t\000a\000t\000i\000o\000n\000s\000\040\000a\000n\000d\000\040\000C\000o\000m\000b\000i\000n\000a\000t\000i\000o\000n\000s}{part.3}% 117
\BOOKMARK [1][-]{section.10.1}{\376\377\000T\000h\000e\000\040\000b\000a\000s\000i\000c\000\040\000c\000o\000u\000n\000t\000i\000n\000g\000\040\000r\000u\000l\000e\000s}{chapter.10}% 118
\BOOKMARK [1][-]{section.10.2}{\376\377\000P\000e\000r\000m\000u\000t\000a\000t\000i\000o\000n\000s}{chapter.10}% 119
\BOOKMARK [1][-]{section.10.3}{\376\377\000C\000o\000m\000b\000i\000n\000a\000t\000i\000o\000n\000s}{chapter.10}% 120
\BOOKMARK [1][-]{section.10.4}{\376\377\000T\000h\000e\000\040\000b\000i\000n\000o\000m\000i\000a\000l\000\040\000t\000h\000e\000o\000r\000e\000m}{chapter.10}% 121
\BOOKMARK [1][-]{section.10.5}{\376\377\000C\000o\000m\000b\000i\000n\000a\000t\000i\000o\000n\000s\000\040\000w\000i\000t\000h\000\040\000r\000e\000p\000e\000t\000i\000t\000i\000o\000n}{chapter.10}% 122
\BOOKMARK [2][-]{subsection.10.5.1}{\376\377\000T\000h\000e\000\040\000f\000o\000u\000r\000\040\000c\000o\000u\000n\000t\000i\000n\000g\000\040\000p\000r\000o\000b\000l\000e\000m\000s}{section.10.5}% 123
\BOOKMARK [1][-]{section.10.6}{\376\377\000M\000u\000l\000t\000i\000n\000o\000m\000i\000a\000l\000\040\000c\000o\000e\000f\000f\000i\000c\000i\000e\000n\000t\000s}{chapter.10}% 124
\BOOKMARK [1][-]{section.10.7}{\376\377\000T\000h\000e\000\040\000p\000i\000g\000e\000o\000n\000h\000o\000l\000e\000\040\000p\000r\000i\000n\000c\000i\000p\000l\000e}{chapter.10}% 125
\BOOKMARK [1][-]{section.10.8}{\376\377\000I\000n\000c\000l\000u\000s\000i\000o\000n\040\023\000e\000x\000c\000l\000u\000s\000i\000o\000n}{chapter.10}% 126
\BOOKMARK [1][-]{section.10.9}{\376\377\000T\000w\000o\000\040\000c\000l\000a\000s\000s\000i\000c\000a\000l\000\040\000i\000d\000e\000n\000t\000i\000t\000i\000e\000s}{chapter.10}% 127
\BOOKMARK [1][-]{section.10.10}{\376\377\000S\000t\000r\000a\000t\000e\000g\000y\000:\000\040\000c\000h\000o\000o\000s\000i\000n\000g\000\040\000t\000h\000e\000\040\000r\000i\000g\000h\000t\000\040\000f\000o\000r\000m\000u\000l\000a}{chapter.10}% 128
\BOOKMARK [1][-]{section.10.11}{\376\377\000S\000u\000m\000m\000a\000r\000y}{chapter.10}% 129
\BOOKMARK [1][-]{section.10.11}{\376\377\000E\000x\000e\000r\000c\000i\000s\000e\000s}{chapter.10}% 130
\BOOKMARK [1][-]{exercise.10.12}{\376\377\000S\000o\000l\000u\000t\000i\000o\000n\000s\000\040\000t\000o\000\040\000t\000h\000e\000\040\000E\000x\000e\000r\000c\000i\000s\000e\000s}{chapter.10}% 131
\BOOKMARK [0][-]{chapter.11}{\376\377\000B\000i\000n\000o\000m\000i\000a\000l\000\040\000I\000d\000e\000n\000t\000i\000t\000i\000e\000s}{part.3}% 132
\BOOKMARK [1][-]{section.11.1}{\376\377\000T\000w\000o\000\040\000k\000i\000n\000d\000s\000\040\000o\000f\000\040\000p\000r\000o\000o\000f}{chapter.11}% 133
\BOOKMARK [1][-]{section.11.2}{\376\377\000T\000h\000e\000\040\000f\000u\000n\000d\000a\000m\000e\000n\000t\000a\000l\000\040\000i\000d\000e\000n\000t\000i\000t\000i\000e\000s}{chapter.11}% 134
\BOOKMARK [1][-]{section.11.3}{\376\377\000T\000h\000e\000\040\000b\000i\000n\000o\000m\000i\000a\000l\000\040\000t\000h\000e\000o\000r\000e\000m\000\040\000a\000n\000d\000\040\000i\000t\000s\000\040\000h\000a\000r\000v\000e\000s\000t}{chapter.11}% 135
\BOOKMARK [1][-]{section.11.4}{\376\377\000V\000a\000n\000d\000e\000r\000m\000o\000n\000d\000e\000\040\000a\000n\000d\000\040\000f\000r\000i\000e\000n\000d\000s}{chapter.11}% 136
\BOOKMARK [1][-]{section.11.5}{\376\377\000E\000x\000t\000e\000n\000s\000i\000o\000n\000s}{chapter.11}% 137
\BOOKMARK [1][-]{section.11.6}{\376\377\000T\000h\000e\000\040\000c\000o\000m\000b\000i\000n\000a\000t\000o\000r\000i\000a\000l\000-\000p\000r\000o\000o\000f\000\040\000t\000e\000m\000p\000l\000a\000t\000e}{chapter.11}% 138
\BOOKMARK [1][-]{section.11.7}{\376\377\000M\000a\000s\000t\000e\000r\000\040\000c\000h\000e\000a\000t\000\040\000s\000h\000e\000e\000t}{chapter.11}% 139
\BOOKMARK [1][-]{section.11.8}{\376\377\000S\000u\000m\000m\000a\000r\000y}{chapter.11}% 140
\BOOKMARK [1][-]{section.11.8}{\376\377\000E\000x\000e\000r\000c\000i\000s\000e\000s}{chapter.11}% 141
\BOOKMARK [1][-]{exercise.11.11}{\376\377\000S\000o\000l\000u\000t\000i\000o\000n\000s\000\040\000t\000o\000\040\000t\000h\000e\000\040\000E\000x\000e\000r\000c\000i\000s\000e\000s}{chapter.11}% 142
\BOOKMARK [-1][-]{part.4}{\376\377\000I\000V\000\040\000P\000r\000o\000o\000f\000s\000\040\000a\000n\000d\000\040\000R\000e\000c\000u\000r\000s\000i\000o\000n}{}% 143
\BOOKMARK [0][-]{chapter.12}{\376\377\000P\000r\000o\000o\000f\000\040\000T\000e\000c\000h\000n\000i\000q\000u\000e\000s}{part.4}% 144
\BOOKMARK [1][-]{section.12.1}{\376\377\000T\000h\000e\000\040\000v\000o\000c\000a\000b\000u\000l\000a\000r\000y\000\040\000o\000f\000\040\000m\000a\000t\000h\000e\000m\000a\000t\000i\000c\000a\000l\000\040\000s\000t\000a\000t\000e\000m\000e\000n\000t\000s}{chapter.12}% 145
\BOOKMARK [1][-]{section.12.2}{\376\377\000D\000i\000r\000e\000c\000t\000\040\000p\000r\000o\000o\000f}{chapter.12}% 146
\BOOKMARK [1][-]{section.12.3}{\376\377\000P\000r\000o\000o\000f\000\040\000b\000y\000\040\000c\000o\000n\000t\000r\000a\000p\000o\000s\000i\000t\000i\000o\000n}{chapter.12}% 147
\BOOKMARK [1][-]{section.12.4}{\376\377\000P\000r\000o\000o\000f\000\040\000b\000y\000\040\000c\000o\000n\000t\000r\000a\000d\000i\000c\000t\000i\000o\000n}{chapter.12}% 148
\BOOKMARK [1][-]{section.12.5}{\376\377\000P\000r\000o\000o\000f\000\040\000b\000y\000\040\000c\000a\000s\000e\000s}{chapter.12}% 149
\BOOKMARK [1][-]{section.12.6}{\376\377\000E\000x\000i\000s\000t\000e\000n\000c\000e\000\040\000p\000r\000o\000o\000f\000s}{chapter.12}% 150
\BOOKMARK [1][-]{section.12.7}{\376\377\000U\000n\000i\000q\000u\000e\000n\000e\000s\000s\000\040\000p\000r\000o\000o\000f\000s}{chapter.12}% 151
\BOOKMARK [1][-]{section.12.8}{\376\377\000D\000i\000s\000p\000r\000o\000o\000f\000\040\000b\000y\000\040\000c\000o\000u\000n\000t\000e\000r\000e\000x\000a\000m\000p\000l\000e}{chapter.12}% 152
\BOOKMARK [1][-]{section.12.9}{\376\377\000C\000o\000m\000m\000o\000n\000\040\000e\000r\000r\000o\000r\000s}{chapter.12}% 153
\BOOKMARK [1][-]{section.12.10}{\376\377\000S\000t\000r\000a\000t\000e\000g\000y}{chapter.12}% 154
\BOOKMARK [1][-]{section.12.11}{\376\377\000S\000u\000m\000m\000a\000r\000y}{chapter.12}% 155
\BOOKMARK [1][-]{section.12.11}{\376\377\000E\000x\000e\000r\000c\000i\000s\000e\000s}{chapter.12}% 156
\BOOKMARK [1][-]{exercise.12.11}{\376\377\000S\000o\000l\000u\000t\000i\000o\000n\000s\000\040\000t\000o\000\040\000t\000h\000e\000\040\000E\000x\000e\000r\000c\000i\000s\000e\000s}{chapter.12}% 157
\BOOKMARK [0][-]{chapter.13}{\376\377\000M\000a\000t\000h\000e\000m\000a\000t\000i\000c\000a\000l\000\040\000I\000n\000d\000u\000c\000t\000i\000o\000n}{part.4}% 158
\BOOKMARK [1][-]{section.13.1}{\376\377\000T\000h\000e\000\040\000w\000e\000l\000l\000-\000o\000r\000d\000e\000r\000i\000n\000g\000\040\000p\000r\000i\000n\000c\000i\000p\000l\000e}{chapter.13}% 159
\BOOKMARK [1][-]{section.13.2}{\376\377\000W\000e\000a\000k\000\040\000i\000n\000d\000u\000c\000t\000i\000o\000n}{chapter.13}% 160
\BOOKMARK [1][-]{section.13.3}{\376\377\000S\000u\000m\000m\000a\000t\000i\000o\000n\000\040\000i\000d\000e\000n\000t\000i\000t\000i\000e\000s}{chapter.13}% 161
\BOOKMARK [1][-]{section.13.4}{\376\377\000I\000n\000e\000q\000u\000a\000l\000i\000t\000i\000e\000s}{chapter.13}% 162
\BOOKMARK [1][-]{section.13.5}{\376\377\000D\000i\000v\000i\000s\000i\000b\000i\000l\000i\000t\000y}{chapter.13}% 163
\BOOKMARK [1][-]{section.13.6}{\376\377\000S\000e\000t\000s\000\040\000a\000n\000d\000\040\000g\000e\000o\000m\000e\000t\000r\000y}{chapter.13}% 164
\BOOKMARK [1][-]{section.13.7}{\376\377\000S\000t\000r\000o\000n\000g\000\040\000i\000n\000d\000u\000c\000t\000i\000o\000n}{chapter.13}% 165
\BOOKMARK [1][-]{section.13.8}{\376\377\000S\000t\000r\000u\000c\000t\000u\000r\000a\000l\000\040\000i\000n\000d\000u\000c\000t\000i\000o\000n}{chapter.13}% 166
\BOOKMARK [1][-]{section.13.9}{\376\377\000P\000i\000t\000f\000a\000l\000l\000s}{chapter.13}% 167
\BOOKMARK [1][-]{section.13.10}{\376\377\000I\000n\000d\000u\000c\000t\000i\000o\000n\000\040\000a\000n\000d\000\040\000p\000r\000o\000g\000r\000a\000m\000s}{chapter.13}% 168
\BOOKMARK [1][-]{section.13.11}{\376\377\000S\000u\000m\000m\000a\000r\000y}{chapter.13}% 169
\BOOKMARK [1][-]{section.13.11}{\376\377\000E\000x\000e\000r\000c\000i\000s\000e\000s}{chapter.13}% 170
\BOOKMARK [1][-]{exercise.13.11}{\376\377\000S\000o\000l\000u\000t\000i\000o\000n\000s\000\040\000t\000o\000\040\000t\000h\000e\000\040\000E\000x\000e\000r\000c\000i\000s\000e\000s}{chapter.13}% 171
\BOOKMARK [0][-]{chapter.14}{\376\377\000R\000e\000c\000u\000r\000s\000i\000v\000e\000\040\000D\000e\000f\000i\000n\000i\000t\000i\000o\000n\000s}{part.4}% 172
\BOOKMARK [1][-]{section.14.1}{\376\377\000T\000h\000e\000\040\000r\000e\000c\000u\000r\000s\000i\000v\000e\000\040\000i\000d\000e\000a}{chapter.14}% 173
\BOOKMARK [1][-]{section.14.2}{\376\377\000R\000e\000c\000u\000r\000s\000i\000v\000e\000\040\000f\000u\000n\000c\000t\000i\000o\000n\000s}{chapter.14}% 174
\BOOKMARK [2][-]{subsection.14.2.1}{\376\377\000F\000r\000o\000m\000\040\000r\000e\000c\000u\000r\000r\000e\000n\000c\000e\000\040\000t\000o\000\040\000c\000l\000o\000s\000e\000d\000\040\000f\000o\000r\000m}{section.14.2}% 175
\BOOKMARK [1][-]{section.14.3}{\376\377\000R\000e\000c\000u\000r\000s\000i\000v\000e\000l\000y\000\040\000d\000e\000f\000i\000n\000e\000d\000\040\000s\000e\000t\000s}{chapter.14}% 176
\BOOKMARK [1][-]{section.14.4}{\376\377\000R\000e\000c\000u\000r\000s\000i\000v\000e\000l\000y\000\040\000d\000e\000f\000i\000n\000e\000d\000\040\000s\000t\000r\000u\000c\000t\000u\000r\000e\000s}{chapter.14}% 177
\BOOKMARK [1][-]{section.14.5}{\376\377\000S\000t\000r\000u\000c\000t\000u\000r\000a\000l\000\040\000i\000n\000d\000u\000c\000t\000i\000o\000n}{chapter.14}% 178
\BOOKMARK [1][-]{section.14.6}{\376\377\000R\000e\000c\000u\000r\000s\000i\000o\000n\000\040\000i\000n\000\040\000c\000o\000m\000p\000u\000t\000a\000t\000i\000o\000n}{chapter.14}% 179
\BOOKMARK [2][-]{subsection.14.6.1}{\376\377\000R\000e\000c\000u\000r\000s\000i\000v\000e\000\040\000a\000l\000g\000o\000r\000i\000t\000h\000m\000s\000\040\000a\000n\000d\000\040\000c\000o\000r\000r\000e\000c\000t\000n\000e\000s\000s}{section.14.6}% 180
\BOOKMARK [2][-]{subsection.14.6.2}{\376\377\000M\000e\000m\000o\000i\000z\000a\000t\000i\000o\000n\000\040\000a\000n\000d\000\040\000d\000y\000n\000a\000m\000i\000c\000\040\000p\000r\000o\000g\000r\000a\000m\000m\000i\000n\000g}{section.14.6}% 181
\BOOKMARK [2][-]{subsection.14.6.3}{\376\377\000T\000a\000i\000l\000\040\000r\000e\000c\000u\000r\000s\000i\000o\000n\000,\000\040\000m\000u\000t\000u\000a\000l\000\040\000r\000e\000c\000u\000r\000s\000i\000o\000n\000,\000\040\000f\000i\000x\000e\000d\000\040\000p\000o\000i\000n\000t\000s}{section.14.6}% 182
\BOOKMARK [1][-]{section.14.7}{\376\377\000S\000u\000m\000m\000a\000r\000y}{chapter.14}% 183
\BOOKMARK [1][-]{section.14.7}{\376\377\000E\000x\000e\000r\000c\000i\000s\000e\000s}{chapter.14}% 184
\BOOKMARK [1][-]{exercise.14.11}{\376\377\000S\000o\000l\000u\000t\000i\000o\000n\000s\000\040\000t\000o\000\040\000t\000h\000e\000\040\000E\000x\000e\000r\000c\000i\000s\000e\000s}{chapter.14}% 185
\BOOKMARK [0][-]{chapter*.2}{\376\377\000B\000i\000b\000l\000i\000o\000g\000r\000a\000p\000h\000y}{part.4}% 186
